Starting server
Server started
Starting server
Server started
Starting server
Server started
